

# Generated by 10_bootstrap.sh
# Source this file: source .env.out

# ECR Image URIs
export ECR_AIRFLOW="889993502497.dkr.ecr.us-east-1.amazonaws.com/churn-pipeline/airflow:2.8.1-amazon"
export ECR_MLFLOW="889993502497.dkr.ecr.us-east-1.amazonaws.com/churn-pipeline/mlflow:latest"
export ECR_DATA="889993502497.dkr.ecr.us-east-1.amazonaws.com/churn-pipeline/data:latest"
export ECR_TRAIN="889993502497.dkr.ecr.us-east-1.amazonaws.com/churn-pipeline/model:latest"
export ECR_INFER="889993502497.dkr.ecr.us-east-1.amazonaws.com/churn-pipeline/inference:latest"

# Security Groups (from 20_networking.sh)
export SG_ECS_ID="sg-0143d5b31f4e4b6ea"
export SG_ALB_ID="sg-0e91d1b748e3fa7e6"
export LOG_GROUP="/ecs/churn-pipeline"

# IAM Roles (from 30_iam.sh)
export EXEC_ROLE_ARN="arn:aws:iam::889993502497:role/churn-pipeline-task-execution-role"
export TASK_ROLE_ARN="arn:aws:iam::889993502497:role/churn-pipeline-task-role"
export EXEC_ROLE_NAME="churn-pipeline-task-execution-role"
export TASK_ROLE_NAME="churn-pipeline-task-role"

# ECS Cluster + ALB (from 40_cluster_alb.sh)
export CLUSTER_NAME="churn-pipeline-ecs"
export ALB_ARN="arn:aws:elasticloadbalancing:us-east-1:889993502497:loadbalancer/app/churn-pipeline-alb/cba07dda30e198e1"
export ALB_DNS="churn-pipeline-alb-943118470.us-east-1.elb.amazonaws.com"
export TG_ARN="arn:aws:elasticloadbalancing:us-east-1:889993502497:targetgroup/churn-pipeline-airflow-tg/942a1985ed6c7462"
export MLFLOW_TG_ARN="arn:aws:elasticloadbalancing:us-east-1:889993502497:targetgroup/churn-pipeline-mlflow-tg/bf4c98fb1d678673"
export LISTENER_ARN="arn:aws:elasticloadbalancing:us-east-1:889993502497:listener/app/churn-pipeline-alb/cba07dda30e198e1/ccae33a31a6b2ecc"

# ECS Cluster + ALB (from 40_cluster_alb.sh)
export CLUSTER_NAME="churn-pipeline-ecs"
export ALB_ARN="arn:aws:elasticloadbalancing:us-east-1:889993502497:loadbalancer/app/churn-pipeline-alb/cba07dda30e198e1"
export ALB_DNS="churn-pipeline-alb-943118470.us-east-1.elb.amazonaws.com"
export TG_ARN="arn:aws:elasticloadbalancing:us-east-1:889993502497:targetgroup/churn-pipeline-airflow-tg/942a1985ed6c7462"
export MLFLOW_TG_ARN="arn:aws:elasticloadbalancing:us-east-1:889993502497:targetgroup/churn-pipeline-mlflow-tg/bf4c98fb1d678673"
export LISTENER_ARN="arn:aws:elasticloadbalancing:us-east-1:889993502497:listener/app/churn-pipeline-alb/cba07dda30e198e1/ccae33a31a6b2ecc"
